// Jest Snapshot v1, https://goo.gl/fbAQLP

exports[`should take transformed correctly 1`] = `
Array [
  "0:123",
  "1:456",
  "2:789",
]
`;
